\BOOKMARK [1][-]{section.1}{\376\377\153\143\145\207\145\207\133\127\150\074\137\017}{}% 1
